ARM Linker, RVCT4.0 [Build 524] for uVision [Standard]

==============================================================================

Section Cross References

    startup.o(STACK) refers (Special) to heapauxi.o(.text) for __use_two_region_memory
    startup.o(HEAP) refers (Special) to heapauxi.o(.text) for __use_two_region_memory
    startup.o(RESET) refers (Special) to heapauxi.o(.text) for __use_two_region_memory
    startup.o(RESET) refers to startup.o(STACK) for Stack_Top
    startup.o(RESET) refers to __main.o(!!!main) for __main
    startup.o(.text) refers (Special) to heapauxi.o(.text) for __use_two_region_memory
    startup.o(.text) refers to startup.o(HEAP) for Heap_Mem
    startup.o(.text) refers to startup.o(STACK) for Stack_Mem
    main.o(i.ColdJnDegFunction) refers to iic_module.o(i.I2C_Write) for I2C_Write
    main.o(i.ColdJnDegFunction) refers to main.o(i.Eeprom_Intern_Delay) for Eeprom_Intern_Delay
    main.o(i.ColdJnDegFunction) refers to vector.o(.data) for ColdJnBit
    main.o(i.ColdJnDegFunction) refers to application.o(.data) for Processcontrolcount
    main.o(i.ColdJnDegFunction) refers to esp8266.o(.data) for Type_of_Process
    main.o(i.ColdJnDegFunction) refers to main.o(.data) for Type_of_Process_k1
    main.o(i.ColdJnDegFunction) refers to powermeter.o(.data) for Error_Temp_1
    main.o(i.RTCFunction) refers to iic_module.o(i.RTCReadFunction) for RTCReadFunction
    main.o(i.RTCFunction) refers to iic_module.o(i.ManuplatingRTC) for ManuplatingRTC
    main.o(i.RTCFunction) refers to main.o(i.delay_ms) for delay_ms
    main.o(i.RTCFunction) refers to vector.o(.data) for RTCRefreshFlag
    main.o(i.RTCFunction) refers to main.o(.data) for .data
    main.o(i.main) refers to clock.o(i.Init_PLL) for Init_PLL
    main.o(i.main) refers to i_0_bsp.o(i.IO_Init) for IO_Init
    main.o(i.main) refers to vector.o(i.Init_VIC) for Init_VIC
    main.o(i.main) refers to timer_config_int.o(i.Init_TIMER0) for Init_TIMER0
    main.o(i.main) refers to timer_config_int.o(i.Init_TIMER1) for Init_TIMER1
    main.o(i.main) refers to uart_base.o(i.Init_UART1) for Init_UART1
    main.o(i.main) refers to uart_base.o(i.Init_UART0) for Init_UART0
    main.o(i.main) refers to app_layer_2.o(i.App_Init_PowerON) for App_Init_PowerON
    main.o(i.main) refers to application.o(i.Read_PowerOn) for Read_PowerOn
    main.o(i.main) refers to oled_displayroutine.o(i.Oled_DisplayInit) for Oled_DisplayInit
    main.o(i.main) refers to application.o(i.MachineLogic) for MachineLogic
    main.o(i.main) refers to application.o(i.SpecialHandler) for SpecialHandler
    main.o(i.main) refers to esp8266.o(i.Send_WifiCmd) for Send_WifiCmd
    main.o(i.main) refers to powermeter.o(i.TransmitRequestPF) for TransmitRequestPF
    main.o(i.main) refers to app_layer_2.o(i.KeyscanRoutine_Change) for KeyscanRoutine_Change
    main.o(i.main) refers to app_layer_2.o(i.CursorBlinkRoutine) for CursorBlinkRoutine
    main.o(i.main) refers to main.o(i.watchdog_timer) for watchdog_timer
    main.o(i.main) refers to main.o(i.ColdJnDegFunction) for ColdJnDegFunction
    main.o(i.main) refers to powermeter.o(i.RXDECODERS484DATA) for RXDECODERS484DATA
    main.o(i.main) refers to oled_displayroutine.o(i.Oled_Displayroutine) for Oled_Displayroutine
    main.o(i.main) refers to application.o(i.simulation) for simulation
    main.o(i.watchdog_timer) refers to main.o(.data) for .data
    esp8266.o(i.ESPRxDecoder) refers to esp8266.o(i.DecToASCIIFun) for DecToASCIIFun
    esp8266.o(i.ESPRxDecoder) refers to esp8266.o(.data) for bufferptr
    esp8266.o(i.ESPRxDecoder) refers to esp8266.o(.bss) for Uart_rx_buffer
    esp8266.o(i.ESPRxDecoder) refers to application.o(.data) for Temperature_High_Http
    esp8266.o(i.Send_WifiCmd) refers to uart_base.o(i.LPC_ASC_vSendData) for LPC_ASC_vSendData
    esp8266.o(i.Send_WifiCmd) refers to vector.o(.data) for Wifirefreshflag_Lpcs
    esp8266.o(i.Send_WifiCmd) refers to esp8266.o(.data) for wifi_command
    esp8266.o(i.Send_WifiCmd) refers to esp8266.o(.bss) for ESP8266TXData
    esp8266.o(i.Send_WifiCmd) refers to aeabi_sdiv.o(.text_udiv) for __aeabi_uidivmod
    esp8266.o(i.Send_WifiCmd) refers to aeabi_sdiv.o(.text) for __aeabi_idivmod
    esp8266.o(i.Send_WifiCmd) refers to powermeter.o(.data) for Data1_RxData
    esp8266.o(i.Send_WifiCmd) refers to application.o(.data) for Furncace1_sts
    lcd_routine.o(i.BasicDisplayRoutine) refers to lcd_driver_4line.o(i.goto_cursor) for goto_cursor
    lcd_routine.o(i.BasicDisplayRoutine) refers to lcd_driver_4line.o(i.lcd_print) for lcd_print
    lcd_routine.o(i.BasicDisplayRoutine) refers to lcd_driver_4line.o(i.LCD_Valuedisplay5) for LCD_Valuedisplay5
    lcd_routine.o(i.BasicDisplayRoutine) refers to aeabi_sdiv.o(.text_udiv) for __aeabi_uidivmod
    lcd_routine.o(i.BasicDisplayRoutine) refers to lcd_driver_4line.o(i.LCD_Valuedisplay) for LCD_Valuedisplay
    lcd_routine.o(i.BasicDisplayRoutine) refers to vector.o(.data) for Flag5ms
[...]
    libinit.o(.ARM.Collect$$libinit$$00000000) refers (Special) to libinit2.o(.ARM.Collect$$libinit$$0000000D) for __rt_lib_init_lc_collate_1
    libinit.o(.ARM.Collect$$libinit$$00000000) refers (Special) to libinit2.o(.ARM.Collect$$libinit$$0000000F) for __rt_lib_init_lc_ctype_1
    libinit.o(.ARM.Collect$$libinit$$00000000) refers (Special) to libinit2.o(.ARM.Collect$$libinit$$00000011) for __rt_lib_init_lc_monetary_1
    libinit.o(.ARM.Collect$$libinit$$00000000) refers (Special) to libinit2.o(.ARM.Collect$$libinit$$00000013) for __rt_lib_init_lc_numeric_1
    libinit.o(.ARM.Collect$$libinit$$00000000) refers (Special) to libinit2.o(.ARM.Collect$$libinit$$00000015) for __rt_lib_init_lc_time_1
    libinit.o(.ARM.Collect$$libinit$$00000000) refers (Special) to libinit2.o(.ARM.Collect$$libinit$$0000000A) for __rt_lib_init_rand_1
    libinit.o(.ARM.Collect$$libinit$$00000000) refers (Special) to libinit2.o(.ARM.Collect$$libinit$$0000002F) for __rt_lib_init_return
    libinit.o(.ARM.Collect$$libinit$$00000000) refers (Special) to libinit2.o(.ARM.Collect$$libinit$$00000019) for __rt_lib_init_signal_1
    libinit.o(.ARM.Collect$$libinit$$00000000) refers (Special) to libinit2.o(.ARM.Collect$$libinit$$00000021) for __rt_lib_init_stdio_1
    libinit.o(.ARM.Collect$$libinit$$00000000) refers (Special) to libinit2.o(.ARM.Collect$$libinit$$00000008) for __rt_lib_init_user_alloc_1
    libinit.o(.ARM.Collect$$libinit$$00000000) refers to fpinit.o(x$fpl$fpinit) for _fp_init
    libspace.o(.text) refers to libspace.o(.bss) for __libspace_start
    rtexit.o(.ARM.Collect$$rtexit$$00000000) refers (Special) to rtexit2.o(.ARM.Collect$$rtexit$$00000004) for __rt_exit_exit
    rtexit.o(.ARM.Collect$$rtexit$$00000000) refers (Special) to rtexit2.o(.ARM.Collect$$rtexit$$00000003) for __rt_exit_ls
    rtexit.o(.ARM.Collect$$rtexit$$00000000) refers (Special) to rtexit2.o(.ARM.Collect$$rtexit$$00000002) for __rt_exit_prels_1
    rtexit.o(.ARM.exidx) refers (Special) to rtexit2.o(.ARM.Collect$$rtexit$$00000004) for __rt_exit_exit
    rtexit.o(.ARM.exidx) refers (Special) to rtexit2.o(.ARM.Collect$$rtexit$$00000003) for __rt_exit_ls
    rtexit.o(.ARM.exidx) refers (Special) to rtexit2.o(.ARM.Collect$$rtexit$$00000002) for __rt_exit_prels_1
    rtexit.o(.ARM.exidx) refers to rtexit.o(.ARM.Collect$$rtexit$$00000000) for .ARM.Collect$$rtexit$$00000000
    rt_raise.o(.text) refers to __raise.o(.text) for __raise
    rt_raise.o(.text) refers to sys_exit.o(.text) for _sys_exit
    defsig_exit.o(.text) refers to sys_exit.o(.text) for _sys_exit
    defsig_fpe_inner.o(.text) refers to defsig_general.o(.text) for __default_signal_display
    libinit2.o(.ARM.Collect$$libinit$$0000000C) refers to libinit2.o(.ARM.Collect$$libinit$$0000000B) for .ARM.Collect$$libinit$$0000000B
    libinit2.o(.ARM.Collect$$libinit$$0000000E) refers to libinit2.o(.ARM.Collect$$libinit$$0000000B) for .ARM.Collect$$libinit$$0000000B
    libinit2.o(.ARM.Collect$$libinit$$00000010) refers to libinit2.o(.ARM.Collect$$libinit$$0000000B) for .ARM.Collect$$libinit$$0000000B
    libinit2.o(.ARM.Collect$$libinit$$00000012) refers to libinit2.o(.ARM.Collect$$libinit$$0000000B) for .ARM.Collect$$libinit$$0000000B
    libinit2.o(.ARM.Collect$$libinit$$00000014) refers to libinit2.o(.ARM.Collect$$libinit$$0000000B) for .ARM.Collect$$libinit$$0000000B
    libinit2.o(.ARM.Collect$$libinit$$00000022) refers to argv_veneer.o(.emb_text) for __ARM_argv_veneer
    libinit2.o(.ARM.Collect$$libinit$$00000023) refers to argv_veneer.o(.emb_text) for __ARM_argv_veneer
    sys_exit.o(.text) refers to use_no_semi.o(.text) for __I$use$semihosting
    rtexit2.o(.ARM.Collect$$rtexit$$00000003) refers to libshutdown.o(.ARM.Collect$$libshutdown$$00000000) for __rt_lib_shutdown
    rtexit2.o(.ARM.Collect$$rtexit$$00000004) refers to sys_exit.o(.text) for _sys_exit
    rtexit2.o(.ARM.exidx) refers to rtexit2.o(.ARM.Collect$$rtexit$$00000001) for .ARM.Collect$$rtexit$$00000001
    rtexit2.o(.ARM.exidx) refers to rtexit2.o(.ARM.Collect$$rtexit$$00000002) for .ARM.Collect$$rtexit$$00000002
    rtexit2.o(.ARM.exidx) refers to rtexit2.o(.ARM.Collect$$rtexit$$00000003) for .ARM.Collect$$rtexit$$00000003
    rtexit2.o(.ARM.exidx) refers to rtexit2.o(.ARM.Collect$$rtexit$$00000004) for .ARM.Collect$$rtexit$$00000004
    __raise.o(.text) refers to defsig.o(CL$$defsig) for __default_signal_handler
    __raise.o(.text) refers to __raise.o(i.__ARM_common_call_via_r2) for __ARM_common_call_via_r2
    defsig_general.o(.text) refers to sys_wrch.o(.text) for _ttywrch
    argv_veneer.o(.emb_text) refers to no_argv.o(.text) for __ARM_get_argv
    sys_wrch.o(.text) refers (Special) to use_no_semi.o(.text) for __I$use$semihosting
    defsig.o(CL$$defsig) refers to defsig_fpe_inner.o(.text) for __rt_SIGFPE_inner
    defsig.o(CL$$defsig) refers to defsig_rtmem_inner.o(.text) for __rt_SIGRTMEM_inner
    _get_argv_nomalloc.o(.text) refers (Special) to hrguard.o(.text) for __heap_region$guard
    _get_argv_nomalloc.o(.text) refers to defsig_rtmem_outer.o(.text) for __rt_SIGRTMEM
    _get_argv_nomalloc.o(.text) refers to sys_command.o(.text) for _sys_command_string
    libshutdown.o(.ARM.Collect$$libshutdown$$00000000) refers (Special) to libshutdown2.o(.ARM.Collect$$libshutdown$$00000006) for __rt_lib_shutdown_fp_trap_1
    libshutdown.o(.ARM.Collect$$libshutdown$$00000000) refers (Special) to libshutdown2.o(.ARM.Collect$$libshutdown$$0000000E) for __rt_lib_shutdown_heap_1
    libshutdown.o(.ARM.Collect$$libshutdown$$00000000) refers (Special) to libshutdown2.o(.ARM.Collect$$libshutdown$$0000000F) for __rt_lib_shutdown_return
    libshutdown.o(.ARM.Collect$$libshutdown$$00000000) refers (Special) to libshutdown2.o(.ARM.Collect$$libshutdown$$00000009) for __rt_lib_shutdown_signal_1
    libshutdown.o(.ARM.Collect$$libshutdown$$00000000) refers (Special) to libshutdown2.o(.ARM.Collect$$libshutdown$$00000003) for __rt_lib_shutdown_stdio_1
    libshutdown.o(.ARM.Collect$$libshutdown$$00000000) refers (Special) to libshutdown2.o(.ARM.Collect$$libshutdown$$0000000B) for __rt_lib_shutdown_user_alloc_1
    sys_command.o(.text) refers (Special) to use_no_semi.o(.text) for __I$use$semihosting
    defsig_abrt_inner.o(.text) refers to defsig_general.o(.text) for __default_signal_display
    defsig_rtred_inner.o(.text) refers to defsig_general.o(.text) for __default_signal_display
    defsig_rtmem_inner.o(.text) refers to defsig_general.o(.text) for __default_signal_display
    defsig_rtmem_outer.o(.text) refers to defsig_rtmem_inner.o(.text) for __rt_SIGRTMEM_inner
    defsig_rtmem_outer.o(.text) refers to defsig_exit.o(.text) for __sig_exit
    defsig_rtmem_formal.o(.text) refers to rt_raise.o(.text) for __rt_raise
    defsig_stak_inner.o(.text) refers to defsig_general.o(.text) for __default_signal_display
    defsig_pvfn_inner.o(.text) refers to defsig_general.o(.text) for __default_signal_display
    defsig_cppl_inner.o(.text) refers to defsig_general.o(.text) for __default_signal_display
    defsig_segv_inner.o(.text) refers to defsig_general.o(.text) for __default_signal_display
    defsig_other.o(.text) refers to defsig_general.o(.text) for __default_signal_display


==============================================================================

Removing Unused input sections from the image.

    Removing main.o(i.RTCFunction), (384 bytes).
    Removing main.o(i.rtc_int), (104 bytes).
    Removing lcd_routine.o(i.BasicDisplayRoutine), (3088 bytes).
    Removing timer_config_int.o(i.Init_EXTINT0), (48 bytes).
    Removing lcd_driver_4line.o(i.Clear_LcdDisplay), (20 bytes).
    Removing lcd_driver_4line.o(i.LCD_Valuedisplay), (180 bytes).
    Removing lcd_driver_4line.o(i.LCD_Valuedisplay5), (228 bytes).
    Removing lcd_driver_4line.o(i.LCD_Valuedisplay_2), (88 bytes).
    Removing lcd_driver_4line.o(i.lcd_init), (292 bytes).
    Removing lcd_driver_4line.o(i.lcd_print), (56 bytes).
    Removing lcd_driver_4line.o(i.lcd_write_ascii), (40 bytes).
    Removing iic_module.o(i.DecToHex), (924 bytes).
    Removing iic_module.o(i.MCP9800ReadReg), (84 bytes).
    Removing iic_module.o(i.MCP9800WriteConfig), (64 bytes).
    Removing iic_module.o(i.ManuplatingRTC), (36 bytes).
    Removing iic_module.o(i.RTCReadFunction), (104 bytes).
    Removing iic_module.o(i.RTCWriteFunction), (80 bytes).
    Removing spi.o(i.SPI0Handler), (128 bytes).
    Removing spi.o(i.SPIInit), (136 bytes).
    Removing spi.o(i.SPIReceive), (52 bytes).
    Removing spi.o(i.SPIReceiveByte), (52 bytes).
    Removing spi.o(i.SPISend), (96 bytes).
    Removing spi.o(i.spiput), (52 bytes).
    Removing spi.o(.data), (8 bytes).
    Removing enc28j60.o(i.ENC28j60), (172 bytes).
    Removing enc28j60.o(.bss), (20 bytes).
    Removing enc28j60.o(.data), (4 bytes).
    Removing oled_i2c.o(i.OLED_HorizontalGraph), (160 bytes).
    Removing oled_i2c.o(i.OLED_ScrollMessage), (260 bytes).

29 unused section(s) (total 6960 bytes) removed from the image.

==============================================================================

Adding Veneers to the image

    Adding AT veneer (8 bytes, Inline) for call to '__rt_lib_init' from rtentry2.o(.ARM.Collect$$rtentry$$0000000A).
    Adding AT veneer (8 bytes, Inline) for call to '__rt_lib_shutdown' from rtexit2.o(.ARM.Collect$$rtexit$$00000003).
    Adding TA veneer (4 bytes, Inline) for call to '__rt_exit' from exit.o(.text).
    Adding TA veneer (4 bytes, Inline) for call to '_fp_init' from libinit.o(.ARM.Collect$$libinit$$00000000).

4 Veneer(s) (total 24 bytes) added to the image.

==============================================================================

Image Symbol Table

    Local Symbols

    Symbol Name                              Value     Ov Type        Size  Object(Section)

    RESET                                    0x00000000   Section      272  startup.o(RESET)
    ../../angel/boardlib.s                   0x00000000   Number         0  boardinit1.o ABSOLUTE
    ../../angel/boardlib.s                   0x00000000   Number         0  boardinit2.o ABSOLUTE
    ../../angel/boardlib.s                   0x00000000   Number         0  boardinit3.o ABSOLUTE
    ../../angel/boardlib.s                   0x00000000   Number         0  boardshut.o ABSOLUTE
    ../../angel/dczerorl.s                   0x00000000   Number         0  __dczerorl.o ABSOLUTE
    ../../angel/handlers.s                   0x00000000   Number         0  __scatter_zi.o ABSOLUTE
    ../../angel/kernel.s                     0x00000000   Number         0  rtexit.o ABSOLUTE
    ../../angel/kernel.s                     0x00000000   Number         0  rtentry2.o ABSOLUTE
    ../../angel/kernel.s                     0x00000000   Number         0  rtentry4.o ABSOLUTE
    ../../angel/kernel.s                     0x00000000   Number         0  rtentry.o ABSOLUTE
    ../../angel/kernel.s                     0x00000000   Number         0  rtexit2.o ABSOLUTE
    ../../angel/rt.s                         0x00000000   Number         0  rt_div0.o ABSOLUTE
    ../../angel/rt.s                         0x00000000   Number         0  rt_raise.o ABSOLUTE
    ../../angel/rt.s                         0x00000000   Number         0  aeabi_idiv0.o ABSOLUTE
    ../../angel/rt.s                         0x00000000   Number         0  aeabi_idiv0_sigfpe.o ABSOLUTE
    ../../angel/scatter.s                    0x00000000   Number         0  __scatter.o ABSOLUTE
    ../../angel/startup.s                    0x00000000   Number         0  __main.o ABSOLUTE
    ../../angel/sys.s                        0x00000000   Number         0  sys_stackheap_outer.o ABSOLUTE
    ../../angel/sys.s                        0x00000000   Number         0  use_no_semi.o ABSOLUTE
    ../../angel/sys.s                        0x00000000   Number         0  libspace.o ABSOLUTE
    ../../angel/sys.s                        0x00000000   Number         0  sys_exit.o ABSOLUTE
    ../../angel/sysapp.c                     0x00000000   Number         0  sys_command.o ABSOLUTE
    ../../angel/sysapp.c                     0x00000000   Number         0  sys_wrch.o ABSOLUTE
    ../../armsys.c                           0x00000000   Number         0  argv_veneer.o ABSOLUTE
    ../../armsys.c                           0x00000000   Number         0  no_argv.o ABSOLUTE
    ../../armsys.c                           0x00000000   Number         0  _get_argv_nomalloc.o ABSOLUTE
    ../../armsys.c                           0x00000000   Number         0  argv_veneer.o ABSOLUTE
    ../../division.s                         0x00000000   Number         0  aeabi_sdiv_div0.o ABSOLUTE
    ../../division.s                         0x00000000   Number         0  aeabi_sdiv.o ABSOLUTE
    ../../divrt.s                            0x00000000   Number         0  divrt_7tdmi.o ABSOLUTE
    ../../divrt.s                            0x00000000   Number         0  divrt_7tdmi_div0.o ABSOLUTE
    ../../fpinit.s                           0x00000000   Number         0  fpinit.o ABSOLUTE
    ../../heapalloc.c                        0x00000000   Number         0  hrguard.o ABSOLUTE
    ../../heapaux.c                          0x00000000   Number         0  heapauxi.o ABSOLUTE
    ../../libinit.s                          0x00000000   Number         0  libshutdown.o ABSOLUTE
    ../../libinit.s                          0x00000000   Number         0  libinit2.o ABSOLUTE
    ../../libinit.s                          0x00000000   Number         0  libshutdown2.o ABSOLUTE
    ../../libinit.s                          0x00000000   Number         0  libinit.o ABSOLUTE
    ../../signal.c                           0x00000000   Number         0  defsig_segv_inner.o ABSOLUTE
    ../../signal.c                           0x00000000   Number         0  defsig_rtmem_inner.o ABSOLUTE
    ../../signal.c                           0x00000000   Number         0  defsig_cppl_inner.o ABSOLUTE
    ../../signal.c                           0x00000000   Number         0  defsig_pvfn_inner.o ABSOLUTE
    ../../signal.c                           0x00000000   Number         0  defsig_rtred_inner.o ABSOLUTE
    ../../signal.c                           0x00000000   Number         0  defsig_abrt_inner.o ABSOLUTE
    ../../signal.c                           0x00000000   Number         0  defsig_stak_inner.o ABSOLUTE
    ../../signal.c                           0x00000000   Number         0  defsig_exit.o ABSOLUTE
    ../../signal.c                           0x00000000   Number         0  defsig_fpe_inner.o ABSOLUTE
    ../../signal.c                           0x00000000   Number         0  defsig_rtmem_outer.o ABSOLUTE
    ../../signal.c                           0x00000000   Number         0  defsig_fpe_outer.o ABSOLUTE
    ../../signal.c                           0x00000000   Number         0  defsig_rtmem_formal.o ABSOLUTE
    ../../signal.c                           0x00000000   Number         0  defsig_fpe_formal.o ABSOLUTE
    ../../signal.c                           0x00000000   Number         0  defsig_general.o ABSOLUTE
    ../../signal.c                           0x00000000   Number         0  __raise.o ABSOLUTE
    ../../signal.c                           0x00000000   Number         0  defsig_other.o ABSOLUTE
    ../../signal.s                           0x00000000   Number         0  defsig.o ABSOLUTE
    ../../stdlib.c                           0x00000000   Number         0  exit.o ABSOLUTE
    App_layer_2.c                            0x00000000   Number         0  app_layer_2.o ABSOLUTE
    Application.c                            0x00000000   Number         0  application.o ABSOLUTE
    ENC28J60.c                               0x00000000   Number         0  enc28j60.o ABSOLUTE
    IIC_Module.c                             0x00000000   Number         0  iic_module.o ABSOLUTE
    LCD_Driver_4line.c                       0x00000000   Number         0  lcd_driver_4line.o ABSOLUTE
    LCD_Routine.c                            0x00000000   Number         0  lcd_routine.o ABSOLUTE
    OLED_I2C.c                               0x00000000   Number         0  oled_i2c.o ABSOLUTE
    Oled_displayroutine.c                    0x00000000   Number         0  oled_displayroutine.o ABSOLUTE
    SPI.c                                    0x00000000   Number         0  spi.o ABSOLUTE
    Startup.s                                0x00000000   Number         0  startup.o ABSOLUTE
    clock.c                                  0x00000000   Number         0  clock.o ABSOLUTE
    dc.s                                     0x00000000   Number         0  dc.o ABSOLUTE
    esp8266.c                                0x00000000   Number         0  esp8266.o ABSOLUTE
    i_0_bsp.c                                0x00000000   Number         0  i_0_bsp.o ABSOLUTE
    main.c                                   0x00000000   Number         0  main.o ABSOLUTE
    powermeter.c                             0x00000000   Number         0  powermeter.o ABSOLUTE
    timer_config_int.c                       0x00000000   Number         0  timer_config_int.o ABSOLUTE
    uart_base.c                              0x00000000   Number         0  uart_base.o ABSOLUTE
    vector.c                                 0x00000000   Number         0  vector.o ABSOLUTE
    Undef_Handler                            0x00000040   ARM Code       4  startup.o(RESET)
    SWI_Handler                              0x00000044   ARM Code       4  startup.o(RESET)
    PAbt_Handler                             0x00000048   ARM Code       4  startup.o(RESET)
    DAbt_Handler                             0x0000004c   ARM Code       4  startup.o(RESET)
    IRQ_Handler                              0x00000050   ARM Code       4  startup.o(RESET)
    FIQ_Handler                              0x00000054   ARM Code       4  startup.o(RESET)
    !!!main                                  0x00000110   Section        8  __main.o(!!!main)
    !!!scatter                               0x00000118   Section       60  __scatter.o(!!!scatter)
    !!dczerorl                               0x00000154   Section       68  __dczerorl.o(!!dczerorl)
    !!handler_zi                             0x00000198   Section       44  __scatter_zi.o(!!handler_zi)
    .ARM.Collect$$libinit$$00000000          0x000001cc   Section        6  libinit.o(.ARM.Collect$$libinit$$00000000)
    .ARM.Collect$$libinit$$00000006          0x000001d2   Section        0  libinit2.o(.ARM.Collect$$libinit$$00000006)
    .ARM.Collect$$libinit$$00000008          0x000001d2   Section        0  libinit2.o(.ARM.Collect$$libinit$$00000008)
    .ARM.Collect$$libinit$$0000000A          0x000001d2   Section        0  libinit2.o(.ARM.Collect$$libinit$$0000000A)
    .ARM.Collect$$libinit$$0000000D          0x000001d2   Section        0  libinit2.o(.ARM.Collect$$libinit$$0000000D)
    .ARM.Collect$$libinit$$0000000F          0x000001d2   Section        0  libinit2.o(.ARM.Collect$$libinit$$0000000F)
    .ARM.Collect$$libinit$$00000011          0x000001d2   Section        0  libinit2.o(.ARM.Collect$$libinit$$00000011)
    .ARM.Collect$$libinit$$00000013          0x000001d2   Section        0  libinit2.o(.ARM.Collect$$libinit$$00000013)
    .ARM.Collect$$libinit$$00000015          0x000001d2   Section        0  libinit2.o(.ARM.Collect$$libinit$$00000015)
    .ARM.Collect$$libinit$$00000017          0x000001d2   Section        0  libinit2.o(.ARM.Collect$$libinit$$00000017)
    .ARM.Collect$$libinit$$00000019          0x000001d2   Section        0  libinit2.o(.ARM.Collect$$libinit$$00000019)
    .ARM.Collect$$libinit$$0000001B          0x000001d2   Section        0  libinit2.o(.ARM.Collect$$libinit$$0000001B)
    .ARM.Collect$$libinit$$0000001D          0x000001d2   Section        0  libinit2.o(.ARM.Collect$$libinit$$0000001D)
    .ARM.Collect$$libinit$$0000001F          0x000001d2   Section        0  libinit2.o(.ARM.Collect$$libinit$$0000001F)
    .ARM.Collect$$libinit$$00000021          0x000001d2   Section        0  libinit2.o(.ARM.Collect$$libinit$$00000021)
    .ARM.Collect$$libinit$$00000028          0x000001d2   Section        0  libinit2.o(.ARM.Collect$$libinit$$00000028)
    .ARM.Collect$$libinit$$0000002A          0x000001d2   Section        0  libinit2.o(.ARM.Collect$$libinit$$0000002A)
    .ARM.Collect$$libinit$$0000002C          0x000001d2   Section        0  libinit2.o(.ARM.Collect$$libinit$$0000002C)
    .ARM.Collect$$libinit$$0000002E          0x000001d2   Section        0  libinit2.o(.ARM.Collect$$libinit$$0000002E)
    .ARM.Collect$$libinit$$0000002F          0x000001d2   Section       12  libinit2.o(.ARM.Collect$$libinit$$0000002F)
    .ARM.Collect$$libshutdown$$00000000      0x000001e8   Section        4  libshutdown.o(.ARM.Collect$$libshutdown$$00000000)
    .ARM.Collect$$libshutdown$$00000003      0x000001ec   Section        0  libshutdown2.o(.ARM.Collect$$libshutdown$$00000003)
    .ARM.Collect$$libshutdown$$00000006      0x000001ec   Section        0  libshutdown2.o(.ARM.Collect$$libshutdown$$00000006)
    .ARM.Collect$$libshutdown$$00000009      0x000001ec   Section        0  libshutdown2.o(.ARM.Collect$$libshutdown$$00000009)
    .ARM.Collect$$libshutdown$$0000000B      0x000001ec   Section        0  libshutdown2.o(.ARM.Collect$$libshutdown$$0000000B)
    .ARM.Collect$$libshutdown$$0000000E      0x000001ec   Section        0  libshutdown2.o(.ARM.Collect$$libshutdown$$0000000E)
    .ARM.Collect$$libshutdown$$0000000F      0x000001ec   Section        6  libshutdown2.o(.ARM.Collect$$libshutdown$$0000000F)
    .ARM.Collect$$rtentry$$00000000          0x000001f4   Section        0  rtentry.o(.ARM.Collect$$rtentry$$00000000)
    .ARM.Collect$$rtentry$$00000002          0x000001f4   Section        0  rtentry2.o(.ARM.Collect$$rtentry$$00000002)
    .ARM.Collect$$rtentry$$00000004          0x000001f4   Section        8  rtentry4.o(.ARM.Collect$$rtentry$$00000004)
    .ARM.Collect$$rtentry$$00000009          0x000001fc   Section        0  rtentry2.o(.ARM.Collect$$rtentry$$00000009)
    .ARM.Collect$$rtentry$$0000000A          0x000001fc   Section        4  rtentry2.o(.ARM.Collect$$rtentry$$0000000A)
    .ARM.Collect$$rtentry$$0000000C          0x00000200   Section        0  rtentry2.o(.ARM.Collect$$rtentry$$0000000C)
    .ARM.Collect$$rtentry$$0000000D          0x00000200   Section       40  rtentry2.o(.ARM.Collect$$rtentry$$0000000D)
    .ARM.Collect$$rtexit$$00000000           0x0000022c   Section        0  rtexit.o(.ARM.Collect$$rtexit$$00000000)
    .ARM.Collect$$rtexit$$00000002           0x0000022c   Section        0  rtexit2.o(.ARM.Collect$$rtexit$$00000002)
    .ARM.Collect$$rtexit$$00000003           0x0000022c   Section        4  rtexit2.o(.ARM.Collect$$rtexit$$00000003)
    .ARM.Collect$$rtexit$$00000004           0x00000230   Section        4  rtexit2.o(.ARM.Collect$$rtexit$$00000004)
    .text                                    0x00000234   Section       32  startup.o(.text)
    .text                                    0x00000254   Section      384  aeabi_sdiv.o(.text)
    __arm_div8                               0x00000280   ARM Code       0  aeabi_sdiv.o(.text)
    __arm_div4                               0x000002b0   ARM Code       0  aeabi_sdiv.o(.text)
    __arm_div_large                          0x00000304   ARM Code       0  aeabi_sdiv.o(.text)
    .text                                    0x000003d4   Section        6  heapauxi.o(.text)
    .text                                    0x000003dc   Section       96  sys_stackheap_outer.o(.text)
    .text                                    0x0000043c   Section       12  exit.o(.text)
    .text                                    0x00000448   Section       12  libspace.o(.text)
    .text                                    0x00000454   Section       24  sys_exit.o(.text)
    .text                                    0x0000046c   Section        4  use_no_semi.o(.text)
    .text_udiv                               0x00000470   Section       28  aeabi_sdiv.o(.text_udiv)
    i.ASCChecksum                            0x0000048c   Section       92  powermeter.o(i.ASCChecksum)
    i.App_Init_PowerON                       0x000004e8   Section       36  app_layer_2.o(i.App_Init_PowerON)
    i.BlinkCursorRoutine                     0x0000050c   Section       48  lcd_driver_4line.o(i.BlinkCursorRoutine)
    i.ColdJnDegFunction                      0x0000053c   Section      536  main.o(i.ColdJnDegFunction)
    ColdJnDegFunction                        0x0000053c   ARM Code     480  main.o(i.ColdJnDegFunction)
    i.CursorBlinkOff                         0x00000754   Section       24  lcd_driver_4line.o(i.CursorBlinkOff)
    i.CursorBlinkRoutine                     0x0000076c   Section       16  app_layer_2.o(i.CursorBlinkRoutine)
    i.DecToASCIIFun                          0x0000077c   Section      312  esp8266.o(i.DecToASCIIFun)
    i.EEPROMI2CDelay                         0x000008b4   Section       24  iic_module.o(i.EEPROMI2CDelay)
    i.ESPRxDecoder                           0x000008cc   Section     6304  esp8266.o(i.ESPRxDecoder)
    i.Eeprom_Intern_Delay                    0x0000216c   Section       52  main.o(i.Eeprom_Intern_Delay)
    i.Exint0ISR                              0x000021a0   Section       36  vector.o(i.Exint0ISR)
    i.I2C_Read                               0x000021c4   Section      148  iic_module.o(i.I2C_Read)
    i.I2C_Write                              0x00002258   Section      128  iic_module.o(i.I2C_Write)
    i.I2Cread_byte                           0x000022d8   Section      228  iic_module.o(i.I2Cread_byte)
    i.IO_Init                                0x000023bc   Section      396  i_0_bsp.o(i.IO_Init)
    i.IncreamentDigit                        0x00002548   Section      488  app_layer_2.o(i.IncreamentDigit)
    i.Init_PLL                               0x00002730   Section      172  clock.o(i.Init_PLL)
    i.Init_TIMER0                            0x000027dc   Section       68  timer_config_int.o(i.Init_TIMER0)
    i.Init_TIMER1                            0x00002820   Section       72  timer_config_int.o(i.Init_TIMER1)
    i.Init_UART0                             0x00002868   Section      168  uart_base.o(i.Init_UART0)
    i.Init_UART1                             0x00002910   Section      168  uart_base.o(i.Init_UART1)
    i.Init_VIC                               0x000029b8   Section      224  vector.o(i.Init_VIC)
    i.KeyscanRoutine                         0x00002a98   Section      368  app_layer_2.o(i.KeyscanRoutine)
    i.KeyscanRoutine_Change                  0x00002c08   Section     1444  app_layer_2.o(i.KeyscanRoutine_Change)
    i.LPC_ASC0_vSendData                     0x000031ac   Section       36  uart_base.o(i.LPC_ASC0_vSendData)
    i.LPC_ASC_vSendData                      0x000031d0   Section       36  uart_base.o(i.LPC_ASC_vSendData)
    i.MachineLogic                           0x000031f4   Section      252  application.o(i.MachineLogic)
    i.Max73290_IIC_Read                      0x000032f0   Section       80  iic_module.o(i.Max73290_IIC_Read)
    i.Max73290_IIC_Write                     0x00003340   Section      112  iic_module.o(i.Max73290_IIC_Write)
    i.OLEDI2CDelay                           0x000033b0   Section       24  oled_i2c.o(i.OLEDI2CDelay)
    i.OLED_Clear                             0x000033c8   Section      204  oled_i2c.o(i.OLED_Clear)
    i.OLED_DisplayChar                       0x00003494   Section      192  oled_i2c.o(i.OLED_DisplayChar)
    i.OLED_DisplayNumber                     0x00003554   Section      336  oled_i2c.o(i.OLED_DisplayNumber)
    i.OLED_DisplayString                     0x000036a4   Section       40  oled_i2c.o(i.OLED_DisplayString)
    i.OLED_GoToNextLine                      0x000036cc   Section       68  oled_i2c.o(i.OLED_GoToNextLine)
    i.OLED_Init                              0x00003710   Section      216  oled_i2c.o(i.OLED_Init)
    i.OLED_SetCursor                         0x000037e8   Section      140  oled_i2c.o(i.OLED_SetCursor)
    i.OffCursor                              0x00003874   Section       20  lcd_driver_4line.o(i.OffCursor)
    i.Oled_DisplayInit                       0x00003888   Section       16  oled_displayroutine.o(i.Oled_DisplayInit)
    i.Oled_Displayroutine                    0x00003898   Section      340  oled_displayroutine.o(i.Oled_Displayroutine)
    i.PositionOfCursor                       0x000039ec   Section       84  app_layer_2.o(i.PositionOfCursor)
    i.RTC_ISR                                0x00003a40   Section       88  vector.o(i.RTC_ISR)
    i.RXDECODERS484DATA                      0x00003a98   Section     1496  powermeter.o(i.RXDECODERS484DATA)
    i.Read_PowerOn                           0x00004070   Section      724  application.o(i.Read_PowerOn)
    i.Recive485_service                      0x00004344   Section      540  powermeter.o(i.Recive485_service)
    i.Send_Byte                              0x00004560   Section      208  iic_module.o(i.Send_Byte)
    i.Send_WifiCmd                           0x00004630   Section     7756  esp8266.o(i.Send_WifiCmd)
    i.SpecialHandler                         0x0000647c   Section      700  application.o(i.SpecialHandler)
    i.Timer0ISR                              0x00006738   Section      724  vector.o(i.Timer0ISR)
    i.Timer1ISR                              0x00006a0c   Section      248  vector.o(i.Timer1ISR)
    i.TransmitRequestPF                      0x00006b04   Section      620  powermeter.o(i.TransmitRequestPF)
    i.UART0ISR                               0x00006d70   Section       96  vector.o(i.UART0ISR)
    i.UART1ISR                               0x00006dd0   Section       84  vector.o(i.UART1ISR)
    i.delay                                  0x00006e24   Section       20  lcd_driver_4line.o(i.delay)
    i.delay_ms                               0x00006e38   Section       44  main.o(i.delay_ms)
    i.enable_lcd                             0x00006e64   Section       52  lcd_driver_4line.o(i.enable_lcd)
    i.get_ack                                0x00006e98   Section       84  iic_module.o(i.get_ack)
    i.goto_cursor                            0x00006eec   Section       28  lcd_driver_4line.o(i.goto_cursor)
    i.lcd_out_data4                          0x00006f08   Section       28  lcd_driver_4line.o(i.lcd_out_data4)
    i.lcd_write_byte                         0x00006f24   Section       52  lcd_driver_4line.o(i.lcd_write_byte)
    i.lcd_write_control                      0x00006f58   Section       40  lcd_driver_4line.o(i.lcd_write_control)
    i.main                                   0x00006f80   Section      112  main.o(i.main)
    i.oledSendByte                           0x00006ff0   Section      208  oled_i2c.o(i.oledSendByte)
    i.oledSendCommand                        0x000070c0   Section       64  oled_i2c.o(i.oledSendCommand)
    i.oledSendStart                          0x00007100   Section      116  oled_i2c.o(i.oledSendStart)
    i.oledSendStop                           0x00007174   Section      100  oled_i2c.o(i.oledSendStop)
    i.oledWaitForAck                         0x000071d8   Section       80  oled_i2c.o(i.oledWaitForAck)
    i.send_nack                              0x00007228   Section       80  iic_module.o(i.send_nack)
    i.simulation                             0x00007278   Section      320  application.o(i.simulation)
    i.start                                  0x000073b8   Section      112  iic_module.o(i.start)
    i.stop                                   0x00007428   Section      100  iic_module.o(i.stop)
    i.watchdog_timer                         0x0000748c   Section       88  main.o(i.watchdog_timer)
    watchdog_timer                           0x0000748c   ARM Code      80  main.o(i.watchdog_timer)
    x$fpl$fpinit                             0x000074e8   Section        4  fpinit.o(x$fpl$fpinit)
    .constdata                               0x000074ec   Section      512  powermeter.o(.constdata)
    .constdata                               0x000076ec   Section      475  oled_i2c.o(.constdata)
    .data                                    0x40000000   Section       48  main.o(.data)
    wd_toggle                                0x4000000c   Data           1  main.o(.data)
    RTCDate_M                                0x4000000d   Data           1  main.o(.data)
    RTCMonth_M                               0x4000000e   Data           1  main.o(.data)
    RTCYear_M                                0x4000000f   Data           1  main.o(.data)
    RTCSeconds_M                             0x40000010   Data           1  main.o(.data)
    RTCMin_M                                 0x40000011   Data           1  main.o(.data)
    RTCHours_M                               0x40000012   Data           1  main.o(.data)
    DateDisplay                              0x40000013   Data           1  main.o(.data)
    MonthDisplay                             0x40000014   Data           1  main.o(.data)
    YearDisplay                              0x40000015   Data           1  main.o(.data)
    ColdJncOutput                            0x40000016   Data           1  main.o(.data)
    .data                                    0x40000030   Section       76  esp8266.o(.data)
    Error_Retry                              0x40000038   Data           1  esp8266.o(.data)
    .data                                    0x4000007c   Section        1  lcd_routine.o(.data)
    .data                                    0x40000080   Section       34  vector.o(.data)
    CountTimer10ms                           0x40000081   Data           1  vector.o(.data)
    Seccount1                                0x40000082   Data           1  vector.o(.data)
    count1000ms                              0x40000083   Data           1  vector.o(.data)
    .data                                    0x400000a2   Section        3  uart_base.o(.data)
    .data                                    0x400000a8   Section      172  powermeter.o(.data)
    DataFrame                                0x400000a8   Data           1  powermeter.o(.data)
    count                                    0x400000a9   Data           1  powermeter.o(.data)
    .data                                    0x40000154   Section        3  iic_module.o(.data)
    IOStatus                                 0x40000154   Data           1  iic_module.o(.data)
    MSBRegdata                               0x40000155   Data           1  iic_module.o(.data)
    .data                                    0x40000158   Section      142  application.o(.data)
    .data                                    0x400001e8   Section       40  app_layer_2.o(.data)
    .data                                    0x40000210   Section        2  oled_i2c.o(.data)
    .data                                    0x40000212   Section        1  oled_displayroutine.o(.data)
    .bss                                     0x40000214   Section      320  esp8266.o(.bss)
    .bss                                     0x40000354   Section       60  powermeter.o(.bss)
    .bss                                     0x40000390   Section       20  application.o(.bss)
    .bss                                     0x400003a4   Section       96  libspace.o(.bss)
    HEAP                                     0x40000408   Section        0  startup.o(HEAP)
    STACK                                    0x40000408   Section     1160  startup.o(STACK)
    Heap_Mem                                 0x40000408   Data           0  startup.o(HEAP)
    Stack_Mem                                0x40000408   Data        1024  startup.o(STACK)
    Stack_Top                                0x40000890   Data           0  startup.o(STACK)

    Global Symbols

    Symbol Name                              Value     Ov Type        Size  Object(Section)

    BuildAttributes$$THM_ISAv1$ARM_ISAv4$S$PE$A:L22$X:L11$S22$IEEE1$IW$USESV6$~STKCKD$USESV7$~SHL$OSPACE$ROPI$EBA8$UX$STANDARDLIB$REQ8$PRES8$EABIv2 0x00000000   Number         0  anon$$obj.o ABSOLUTE
    __ARM_use_no_argv                        0x00000000   Number         0  main.o ABSOLUTE
    __ARM_exceptions_init                     - Undefined Weak Reference
    __alloca_initialize                       - Undefined Weak Reference
    __cpp_initialize__aeabi_                  - Undefined Weak Reference
    __cxa_finalize                            - Undefined Weak Reference
    __rt_locale                               - Undefined Weak Reference
    __sigvec_lookup                           - Undefined Weak Reference
    _atexit_init                              - Undefined Weak Reference
    _call_atexit_fns                          - Undefined Weak Reference
    _clock_init                               - Undefined Weak Reference
    _fp_trap_init                             - Undefined Weak Reference
    _fp_trap_shutdown                         - Undefined Weak Reference
    _get_lc_collate                           - Undefined Weak Reference
    _get_lc_ctype                             - Undefined Weak Reference
    _get_lc_monetary                          - Undefined Weak Reference
    _get_lc_numeric                           - Undefined Weak Reference
    _get_lc_time                              - Undefined Weak Reference
    _getenv_init                              - Undefined Weak Reference
    _handle_redirection                       - Undefined Weak Reference
    _init_alloc                               - Undefined Weak Reference
    _init_user_alloc                          - Undefined Weak Reference
    _initio                                   - Undefined Weak Reference
    _rand_init                                - Undefined Weak Reference
    _signal_finish                            - Undefined Weak Reference
    _signal_init                              - Undefined Weak Reference
    _terminate_alloc                          - Undefined Weak Reference
    _terminate_user_alloc                     - Undefined Weak Reference
    _terminateio                              - Undefined Weak Reference
    Reset_Handler                            0x00000058   ARM Code       0  startup.o(RESET)
    __main                                   0x00000110   ARM Code       8  __main.o(!!!main)
    __scatterload                            0x00000118   ARM Code       0  __scatter.o(!!!scatter)
    __scatterload_rt2                        0x00000118   ARM Code      52  __scatter.o(!!!scatter)
    __scatterload_null                       0x0000012c   ARM Code       0  __scatter.o(!!!scatter)
    __decompress                             0x00000154   ARM Code      68  __dczerorl.o(!!dczerorl)
    __decompress0                            0x00000154   ARM Code       0  __dczerorl.o(!!dczerorl)
    __scatterload_zeroinit                   0x00000198   ARM Code      44  __scatter_zi.o(!!handler_zi)
    Inline ARM to Thumb Veneer to __rt_lib_init 0x000001c4   ARM Code       8  libinit.o(.ARM.Collect$$libinit$$00000000)
    __rt_lib_init                            0x000001cd   Thumb Code     0  libinit.o(.ARM.Collect$$libinit$$00000000)
    __rt_lib_init_alloca_1                   0x000001d3   Thumb Code     0  libinit2.o(.ARM.Collect$$libinit$$0000002A)
    __rt_lib_init_argv_1                     0x000001d3   Thumb Code     0  libinit2.o(.ARM.Collect$$libinit$$00000028)
    __rt_lib_init_atexit_1                   0x000001d3   Thumb Code     0  libinit2.o(.ARM.Collect$$libinit$$00000017)
    __rt_lib_init_clock_1                    0x000001d3   Thumb Code     0  libinit2.o(.ARM.Collect$$libinit$$0000001D)
    __rt_lib_init_cpp_1                      0x000001d3   Thumb Code     0  libinit2.o(.ARM.Collect$$libinit$$0000002E)
    __rt_lib_init_exceptions_1               0x000001d3   Thumb Code     0  libinit2.o(.ARM.Collect$$libinit$$0000002C)
    __rt_lib_init_fp_trap_1                  0x000001d3   Thumb Code     0  libinit2.o(.ARM.Collect$$libinit$$0000001B)
    __rt_lib_init_getenv_1                   0x000001d3   Thumb Code     0  libinit2.o(.ARM.Collect$$libinit$$0000001F)
    __rt_lib_init_heap_1                     0x000001d3   Thumb Code     0  libinit2.o(.ARM.Collect$$libinit$$00000006)
    __rt_lib_init_lc_collate_1               0x000001d3   Thumb Code     0  libinit2.o(.ARM.Collect$$libinit$$0000000D)
    __rt_lib_init_lc_ctype_1                 0x000001d3   Thumb Code     0  libinit2.o(.ARM.Collect$$libinit$$0000000F)
    __rt_lib_init_lc_monetary_1              0x000001d3   Thumb Code     0  libinit2.o(.ARM.Collect$$libinit$$00000011)
    __rt_lib_init_lc_numeric_1               0x000001d3   Thumb Code     0  libinit2.o(.ARM.Collect$$libinit$$00000013)
    __rt_lib_init_lc_time_1                  0x000001d3   Thumb Code     0  libinit2.o(.ARM.Collect$$libinit$$00000015)
    __rt_lib_init_rand_1                     0x000001d3   Thumb Code     0  libinit2.o(.ARM.Collect$$libinit$$0000000A)
    __rt_lib_init_return                     0x000001d3   Thumb Code     0  libinit2.o(.ARM.Collect$$libinit$$0000002F)
    __rt_lib_init_signal_1                   0x000001d3   Thumb Code     0  libinit2.o(.ARM.Collect$$libinit$$00000019)
    __rt_lib_init_stdio_1                    0x000001d3   Thumb Code     0  libinit2.o(.ARM.Collect$$libinit$$00000021)
    __rt_lib_init_user_alloc_1               0x000001d3   Thumb Code     0  libinit2.o(.ARM.Collect$$libinit$$00000008)
    Inline ARM to Thumb Veneer to __rt_lib_shutdown 0x000001e0   ARM Code       8  libshutdown.o(.ARM.Collect$$libshutdown$$00000000)
    __rt_lib_shutdown                        0x000001e9   Thumb Code     0  libshutdown.o(.ARM.Collect$$libshutdown$$00000000)
    __rt_lib_shutdown_fp_trap_1              0x000001ed   Thumb Code     0  libshutdown2.o(.ARM.Collect$$libshutdown$$00000006)
    __rt_lib_shutdown_heap_1                 0x000001ed   Thumb Code     0  libshutdown2.o(.ARM.Collect$$libshutdown$$0000000E)
    __rt_lib_shutdown_return                 0x000001ed   Thumb Code     0  libshutdown2.o(.ARM.Collect$$libshutdown$$0000000F)
    __rt_lib_shutdown_signal_1               0x000001ed   Thumb Code     0  libshutdown2.o(.ARM.Collect$$libshutdown$$00000009)
    __rt_lib_shutdown_stdio_1                0x000001ed   Thumb Code     0  libshutdown2.o(.ARM.Collect$$libshutdown$$00000003)
    __rt_lib_shutdown_user_alloc_1           0x000001ed   Thumb Code     0  libshutdown2.o(.ARM.Collect$$libshutdown$$0000000B)
    __rt_entry                               0x000001f4   ARM Code       0  rtentry.o(.ARM.Collect$$rtentry$$00000000)
    __rt_entry_presh_1                       0x000001f4   ARM Code       0  rtentry2.o(.ARM.Collect$$rtentry$$00000002)
    __rt_entry_sh                            0x000001f4   ARM Code       0  rtentry4.o(.ARM.Collect$$rtentry$$00000004)
    __rt_entry_li                            0x000001fc   ARM Code       0  rtentry2.o(.ARM.Collect$$rtentry$$0000000A)
    __rt_entry_postsh_1                      0x000001fc   ARM Code       0  rtentry2.o(.ARM.Collect$$rtentry$$00000009)
    __rt_entry_main                          0x00000200   ARM Code       0  rtentry2.o(.ARM.Collect$$rtentry$$0000000D)
    __rt_entry_postli_1                      0x00000200   ARM Code       0  rtentry2.o(.ARM.Collect$$rtentry$$0000000C)
    Inline Thumb to ARM Veneer to __rt_exit  0x00000229   Thumb Code     4  rtexit.o(.ARM.Collect$$rtexit$$00000000)
    __rt_exit                                0x0000022c   ARM Code       0  rtexit.o(.ARM.Collect$$rtexit$$00000000)
    __rt_exit_ls                             0x0000022c   ARM Code       0  rtexit2.o(.ARM.Collect$$rtexit$$00000003)
    __rt_exit_prels_1                        0x0000022c   ARM Code       0  rtexit2.o(.ARM.Collect$$rtexit$$00000002)
    __rt_exit_exit                           0x00000230   ARM Code       0  rtexit2.o(.ARM.Collect$$rtexit$$00000004)
    __user_initial_stackheap                 0x00000234   ARM Code       0  startup.o(.text)
    __aeabi_idiv                             0x00000254   ARM Code       0  aeabi_sdiv.o(.text)
    __aeabi_idivmod                          0x00000254   ARM Code     384  aeabi_sdiv.o(.text)
    __use_two_region_memory                  0x000003d5   Thumb Code     2  heapauxi.o(.text)
    __rt_heap_escrow$2region                 0x000003d7   Thumb Code     2  heapauxi.o(.text)
    __rt_heap_expand$2region                 0x000003d9   Thumb Code     2  heapauxi.o(.text)
    __user_setup_stackheap                   0x000003dc   ARM Code      96  sys_stackheap_outer.o(.text)
    exit                                     0x0000043d   Thumb Code    12  exit.o(.text)
    __user_libspace                          0x00000448   ARM Code      12  libspace.o(.text)
    __user_perproc_libspace                  0x00000448   ARM Code       0  libspace.o(.text)
    __user_perthread_libspace                0x00000448   ARM Code       0  libspace.o(.text)
    _sys_exit                                0x00000454   ARM Code      20  sys_exit.o(.text)
    __I$use$semihosting                      0x0000046c   ARM Code       0  use_no_semi.o(.text)
    __use_no_semihosting_swi                 0x0000046c   ARM Code       4  use_no_semi.o(.text)
    __aeabi_uidiv                            0x00000470   ARM Code       0  aeabi_sdiv.o(.text_udiv)
    __aeabi_uidivmod                         0x00000470   ARM Code      28  aeabi_sdiv.o(.text_udiv)
    ASCChecksum                              0x0000048c   ARM Code      84  powermeter.o(i.ASCChecksum)
    App_Init_PowerON                         0x000004e8   ARM Code      28  app_layer_2.o(i.App_Init_PowerON)
    BlinkCursorRoutine                       0x0000050c   ARM Code      48  lcd_driver_4line.o(i.BlinkCursorRoutine)
    CursorBlinkOff                           0x00000754   ARM Code      24  lcd_driver_4line.o(i.CursorBlinkOff)
    CursorBlinkRoutine                       0x0000076c   ARM Code      16  app_layer_2.o(i.CursorBlinkRoutine)
    DecToASCIIFun                            0x0000077c   ARM Code     312  esp8266.o(i.DecToASCIIFun)
    EEPROMI2CDelay                           0x000008b4   ARM Code      24  iic_module.o(i.EEPROMI2CDelay)
    ESPRxDecoder                             0x000008cc   ARM Code    6268  esp8266.o(i.ESPRxDecoder)
    Eeprom_Intern_Delay                      0x0000216c   ARM Code      48  main.o(i.Eeprom_Intern_Delay)
    Exint0ISR                                0x000021a0   ARM Code      32  vector.o(i.Exint0ISR)
    I2C_Read                                 0x000021c4   ARM Code     148  iic_module.o(i.I2C_Read)
    I2C_Write                                0x00002258   ARM Code     128  iic_module.o(i.I2C_Write)
    I2Cread_byte                             0x000022d8   ARM Code     220  iic_module.o(i.I2Cread_byte)
    IO_Init                                  0x000023bc   ARM Code     392  i_0_bsp.o(i.IO_Init)
    IncreamentDigit                          0x00002548   ARM Code     464  app_layer_2.o(i.IncreamentDigit)
    Init_PLL                                 0x00002730   ARM Code     168  clock.o(i.Init_PLL)
    Init_TIMER0                              0x000027dc   ARM Code      64  timer_config_int.o(i.Init_TIMER0)
    Init_TIMER1                              0x00002820   ARM Code      64  timer_config_int.o(i.Init_TIMER1)
    Init_UART0                               0x00002868   ARM Code     156  uart_base.o(i.Init_UART0)
    Init_UART1                               0x00002910   ARM Code     156  uart_base.o(i.Init_UART1)
    Init_VIC                                 0x000029b8   ARM Code     200  vector.o(i.Init_VIC)
    KeyscanRoutine                           0x00002a98   ARM Code     364  app_layer_2.o(i.KeyscanRoutine)
    KeyscanRoutine_Change                    0x00002c08   ARM Code    1356  app_layer_2.o(i.KeyscanRoutine_Change)
    LPC_ASC0_vSendData                       0x000031ac   ARM Code      32  uart_base.o(i.LPC_ASC0_vSendData)
    LPC_ASC_vSendData                        0x000031d0   ARM Code      32  uart_base.o(i.LPC_ASC_vSendData)
    MachineLogic                             0x000031f4   ARM Code     216  application.o(i.MachineLogic)
    Max73290_IIC_Read                        0x000032f0   ARM Code      76  iic_module.o(i.Max73290_IIC_Read)
    Max73290_IIC_Write                       0x00003340   ARM Code     112  iic_module.o(i.Max73290_IIC_Write)
    OLEDI2CDelay                             0x000033b0   ARM Code      24  oled_i2c.o(i.OLEDI2CDelay)
    OLED_Clear                               0x000033c8   ARM Code     204  oled_i2c.o(i.OLED_Clear)
    OLED_DisplayChar                         0x00003494   ARM Code     184  oled_i2c.o(i.OLED_DisplayChar)
    OLED_DisplayNumber                       0x00003554   ARM Code     336  oled_i2c.o(i.OLED_DisplayNumber)
    OLED_DisplayString                       0x000036a4   ARM Code      40  oled_i2c.o(i.OLED_DisplayString)
    OLED_GoToNextLine                        0x000036cc   ARM Code      64  oled_i2c.o(i.OLED_GoToNextLine)
    OLED_Init                                0x00003710   ARM Code     216  oled_i2c.o(i.OLED_Init)
    OLED_SetCursor                           0x000037e8   ARM Code     132  oled_i2c.o(i.OLED_SetCursor)
    OffCursor                                0x00003874   ARM Code      20  lcd_driver_4line.o(i.OffCursor)
    Oled_DisplayInit                         0x00003888   ARM Code      16  oled_displayroutine.o(i.Oled_DisplayInit)
    Oled_Displayroutine                      0x00003898   ARM Code     252  oled_displayroutine.o(i.Oled_Displayroutine)
    PositionOfCursor                         0x000039ec   ARM Code      68  app_layer_2.o(i.PositionOfCursor)
    RTC_ISR                                  0x00003a40   ARM Code      84  vector.o(i.RTC_ISR)
    RXDECODERS484DATA                        0x00003a98   ARM Code    1344  powermeter.o(i.RXDECODERS484DATA)
    Read_PowerOn                             0x00004070   ARM Code     640  application.o(i.Read_PowerOn)
    Recive485_service                        0x00004344   ARM Code     512  powermeter.o(i.Recive485_service)
    Send_Byte                                0x00004560   ARM Code     204  iic_module.o(i.Send_Byte)
    Send_WifiCmd                             0x00004630   ARM Code    7756  esp8266.o(i.Send_WifiCmd)
    SpecialHandler                           0x0000647c   ARM Code     640  application.o(i.SpecialHandler)
    Timer0ISR                                0x00006738   ARM Code     632  vector.o(i.Timer0ISR)
    Timer1ISR                                0x00006a0c   ARM Code     204  vector.o(i.Timer1ISR)
    TransmitRequestPF                        0x00006b04   ARM Code     596  powermeter.o(i.TransmitRequestPF)
    UART0ISR                                 0x00006d70   ARM Code      84  vector.o(i.UART0ISR)
    UART1ISR                                 0x00006dd0   ARM Code      72  vector.o(i.UART1ISR)
    delay                                    0x00006e24   ARM Code      20  lcd_driver_4line.o(i.delay)
    delay_ms                                 0x00006e38   ARM Code      44  main.o(i.delay_ms)
    enable_lcd                               0x00006e64   ARM Code      48  lcd_driver_4line.o(i.enable_lcd)
    get_ack                                  0x00006e98   ARM Code      80  iic_module.o(i.get_ack)
    goto_cursor                              0x00006eec   ARM Code      28  lcd_driver_4line.o(i.goto_cursor)
    lcd_out_data4                            0x00006f08   ARM Code      24  lcd_driver_4line.o(i.lcd_out_data4)
    lcd_write_byte                           0x00006f24   ARM Code      52  lcd_driver_4line.o(i.lcd_write_byte)
    lcd_write_control                        0x00006f58   ARM Code      36  lcd_driver_4line.o(i.lcd_write_control)
    main                                     0x00006f80   ARM Code     108  main.o(i.main)
    oledSendByte                             0x00006ff0   ARM Code     204  oled_i2c.o(i.oledSendByte)
    oledSendCommand                          0x000070c0   ARM Code      64  oled_i2c.o(i.oledSendCommand)
    oledSendStart                            0x00007100   ARM Code     112  oled_i2c.o(i.oledSendStart)
    oledSendStop                             0x00007174   ARM Code      96  oled_i2c.o(i.oledSendStop)
    oledWaitForAck                           0x000071d8   ARM Code      76  oled_i2c.o(i.oledWaitForAck)
    send_nack                                0x00007228   ARM Code      76  iic_module.o(i.send_nack)
    simulation                               0x00007278   ARM Code     296  application.o(i.simulation)
    start                                    0x000073b8   ARM Code     108  iic_module.o(i.start)
    stop                                     0x00007428   ARM Code      96  iic_module.o(i.stop)
    Inline Thumb to ARM Veneer to _fp_init   0x000074e5   Thumb Code     4  fpinit.o(x$fpl$fpinit)
    __fplib_config_pureend_doubles           0x000074e8   ARM Code       0  fpinit.o(x$fpl$fpinit)
    _fp_init                                 0x000074e8   ARM Code       4  fpinit.o(x$fpl$fpinit)
    CRCArrayHigh                             0x000074ec   Data         256  powermeter.o(.constdata)
    CRCArrayLow                              0x000075ec   Data         256  powermeter.o(.constdata)
    OledFontTable                            0x000076ec   Data         475  oled_i2c.o(.constdata)
    Region$$Table$$Base                      0x000078c8   Number         0  anon$$obj.o(Region$$Table)
    Region$$Table$$Limit                     0x000078e8   Number         0  anon$$obj.o(Region$$Table)
    TestMemory                               0x40000000   Data           1  main.o(.data)
    TestMemory1                              0x40000001   Data           1  main.o(.data)
    TestMemory2                              0x40000002   Data           1  main.o(.data)
    TestMemory3                              0x40000003   Data           1  main.o(.data)
    TestMemory4                              0x40000004   Data           1  main.o(.data)
    TestMemory5                              0x40000005   Data           1  main.o(.data)
    TestMemory6                              0x40000006   Data           1  main.o(.data)
    TestMemory7                              0x40000007   Data           1  main.o(.data)
    TestMemory8                              0x40000008   Data           1  main.o(.data)
    TestMemory9                              0x40000009   Data           1  main.o(.data)
    TestMemory10                             0x4000000a   Data           1  main.o(.data)
    Resetmodum                               0x4000000b   Data           1  main.o(.data)
    Type_of_Process_k1                       0x40000017   Data           1  main.o(.data)
    OffSet_Before_Timer_k1                   0x40000018   Data           1  main.o(.data)
    OffSet_After_Timer_k1                    0x40000019   Data           1  main.o(.data)
    No_of_temp_Controller_k1                 0x4000001a   Data           1  main.o(.data)
    Type_of_temp_Controller_k1               0x4000001b   Data           1  main.o(.data)
    Type_of_powermeter_k1                    0x4000001c   Data           1  main.o(.data)
    toggleflag                               0x4000001d   Data           1  main.o(.data)
    SecondsDisplay                           0x4000001e   Data           1  main.o(.data)
    MinuteDisplay                            0x4000001f   Data           1  main.o(.data)
    HoursDisplay                             0x40000020   Data           1  main.o(.data)
    Error_Temp_1_count                       0x40000021   Data           1  main.o(.data)
    Error_Temp_2_count                       0x40000022   Data           1  main.o(.data)
    Error_Temp_3_count                       0x40000023   Data           1  main.o(.data)
    Temp_1_errstatus                         0x40000024   Data           1  main.o(.data)
    Temp_2_errstatus                         0x40000025   Data           1  main.o(.data)
    Temp_3_errstatus                         0x40000026   Data           1  main.o(.data)
    Wifiresetcount                           0x40000027   Data           1  main.o(.data)
    WifimodumOncount                         0x40000028   Data           4  main.o(.data)
    ColdJncDeg                               0x4000002c   Data           4  main.o(.data)
    IPAddress_1                              0x40000030   Data           1  esp8266.o(.data)
    IPAddress_3                              0x40000031   Data           1  esp8266.o(.data)
    IPAddress_2                              0x40000032   Data           1  esp8266.o(.data)
    IPAddress_4                              0x40000033   Data           1  esp8266.o(.data)
    url_buffer                               0x40000034   Data           4  esp8266.o(.data)
    tempdata                                 0x40000039   Data           1  esp8266.o(.data)
    Valid_DataWifi1                          0x4000003a   Data           1  esp8266.o(.data)
    RxCompleteU2C1WIFI                       0x4000003b   Data           1  esp8266.o(.data)
    wifi_command                             0x4000003c   Data           1  esp8266.o(.data)
    Timerdelay                               0x4000003d   Data           1  esp8266.o(.data)
    Check_CWMODE_For_Hang                    0x4000003e   Data           1  esp8266.o(.data)
    Error_Close                              0x4000003f   Data           1  esp8266.o(.data)
    WifiDisplay                              0x40000040   Data           1  esp8266.o(.data)
    Rxseqdecoder                             0x40000041   Data           1  esp8266.o(.data)
    IDGen_Skip_Http                          0x40000044   Data           4  esp8266.o(.data)
    bufferptr                                0x40000048   Data           4  esp8266.o(.data)
    Data_bufferptr                           0x4000004c   Data           4  esp8266.o(.data)
    NoOfdata_byte                            0x40000050   Data           4  esp8266.o(.data)
    url_send                                 0x40000054   Data           4  esp8266.o(.data)
    UnitId_Http                              0x40000058   Data           1  esp8266.o(.data)
    Type_of_Process                          0x40000059   Data           1  esp8266.o(.data)
    OffSet_Before_Timer                      0x4000005a   Data           1  esp8266.o(.data)
    OffSet_After_Timer                       0x4000005b   Data           1  esp8266.o(.data)
    No_of_temp_Controller                    0x4000005c   Data           1  esp8266.o(.data)
    Type_of_temp_Controller                  0x4000005d   Data           1  esp8266.o(.data)
    Type_of_powermeter                       0x4000005e   Data           1  esp8266.o(.data)
    ProcessId_Http_Msb                       0x40000060   Data           4  esp8266.o(.data)
    ProcessId_Http_LSB                       0x40000064   Data           4  esp8266.o(.data)
    PLC_SetTemperature2                      0x40000068   Data           4  esp8266.o(.data)
    PLCTemp2LowAlarmSET                      0x4000006c   Data           4  esp8266.o(.data)
    PLCTemp2HighAlarmSET                     0x40000070   Data           4  esp8266.o(.data)
    PLC_SetTemperature1                      0x40000074   Data           4  esp8266.o(.data)
    Err_bufferptr                            0x40000078   Data           4  esp8266.o(.data)
    screennumber                             0x4000007c   Data           1  lcd_routine.o(.data)
    logiccheck                               0x40000080   Data           1  vector.o(.data)
    Flag5ms                                  0x40000084   Data           1  vector.o(.data)
    Flag5ms_LPC                              0x40000085   Data           1  vector.o(.data)
    CountATimer1                             0x40000086   Data           1  vector.o(.data)
    Wifirefreshflag_Lpcs                     0x40000087   Data           1  vector.o(.data)
    PowerMeterRefresh_Lpc                    0x40000088   Data           1  vector.o(.data)
    CountATimer0                             0x40000089   Data           1  vector.o(.data)
    Flag10ms_Keyscan                         0x4000008a   Data           1  vector.o(.data)
    SimulationFlag                           0x4000008b   Data           1  vector.o(.data)
    CountATimer2                             0x4000008c   Data           1  vector.o(.data)
    rxdat_1                                  0x4000008d   Data           1  vector.o(.data)
    rxdat_2                                  0x4000008e   Data           1  vector.o(.data)
    checkrx                                  0x4000008f   Data           1  vector.o(.data)
    RTCRefreshFlag                           0x40000090   Data           1  vector.o(.data)
    ColdJnBit                                0x40000091   Data           1  vector.o(.data)
    SetFlagSPI                               0x40000092   Data           1  vector.o(.data)
    Disp_val_process_1_time                  0x40000094   Data           4  vector.o(.data)
    Disp_val_process_2_time                  0x40000098   Data           4  vector.o(.data)
    Disp_val_process_1_time_Hr               0x4000009c   Data           1  vector.o(.data)
    Disp_val_process_1_time_Min              0x4000009d   Data           1  vector.o(.data)
    Disp_val_process_2_time_Hr               0x4000009e   Data           1  vector.o(.data)
    Disp_val_process_2_time_Min              0x4000009f   Data           1  vector.o(.data)
    Process1_cmp_alarm                       0x400000a0   Data           1  vector.o(.data)
    Process2_cmp_alarm                       0x400000a1   Data           1  vector.o(.data)
    fdiv                                     0x400000a2   Data           2  uart_base.o(.data)
    uart1_buf                                0x400000a4   Data           1  uart_base.o(.data)
    TXHeaderElement                          0x400000aa   Data           8  powermeter.o(.data)
    Read_requested_data                      0x400000b2   Data           1  powermeter.o(.data)
    TxPfLocalPtr                             0x400000b4   Data           4  powermeter.o(.data)
    NoOfPFRxData                             0x400000b8   Data           1  powermeter.o(.data)
    U1C0_count                               0x400000b9   Data           1  powermeter.o(.data)
    U1C0NoOfBytes                            0x400000ba   Data           1  powermeter.o(.data)
    U1C0Rx_Checksumlow                       0x400000bb   Data           1  powermeter.o(.data)
    U1C0Rx_Checksumhigh                      0x400000bc   Data           1  powermeter.o(.data)
    RxCompleteU1C0485                        0x400000bd   Data           1  powermeter.o(.data)
    Error_Temp_1                             0x400000be   Data           1  powermeter.o(.data)
    Error_Temp_2                             0x400000bf   Data           1  powermeter.o(.data)
    Error_Temp_3                             0x400000c0   Data           1  powermeter.o(.data)
    KWHour_MSB                               0x400000c4   Data           4  powermeter.o(.data)
    KWHour_LSB                               0x400000c8   Data           4  powermeter.o(.data)
    KVA_RxData                               0x400000cc   Data           4  powermeter.o(.data)
    KW_RxData                                0x400000d0   Data           4  powermeter.o(.data)
    KVAr_RxData                              0x400000d4   Data           4  powermeter.o(.data)
    PF_RxData                                0x400000d8   Data           4  powermeter.o(.data)
    Avgvll_RxData                            0x400000dc   Data           4  powermeter.o(.data)
    Avgln_RxData                             0x400000e0   Data           4  powermeter.o(.data)
    AvgAmps_RxData                           0x400000e4   Data           4  powermeter.o(.data)
    TxSetTemperature                         0x400000e8   Data           4  powermeter.o(.data)
    Seq2_data2_RxData                        0x400000ec   Data           4  powermeter.o(.data)
    Seq2_data3_RxData                        0x400000f0   Data           4  powermeter.o(.data)
    Seq2_data4_RxData                        0x400000f4   Data           4  powermeter.o(.data)
    Seq2_data5_RxData                        0x400000f8   Data           4  powermeter.o(.data)
    Seq2_data1_RxData                        0x400000fc   Data           4  powermeter.o(.data)
    Seq3_data1_RxData                        0x40000100   Data           4  powermeter.o(.data)
    Seq3_data2_RxData                        0x40000104   Data           4  powermeter.o(.data)
    Seq3_data3_RxData                        0x40000108   Data           4  powermeter.o(.data)
    Seq3_data4_RxData                        0x4000010c   Data           4  powermeter.o(.data)
    Seq3_data5_RxData                        0x40000110   Data           4  powermeter.o(.data)
    Seq3_data6_RxData                        0x40000114   Data           4  powermeter.o(.data)
    Seq4_data1_RxData                        0x40000118   Data           4  powermeter.o(.data)
    Seq4_data2_RxData                        0x4000011c   Data           4  powermeter.o(.data)
    Seq4_data3_RxData                        0x40000120   Data           4  powermeter.o(.data)
    Seq4_data4_RxData                        0x40000124   Data           4  powermeter.o(.data)
    Seq4_data5_RxData                        0x40000128   Data           4  powermeter.o(.data)
    Seq4_data6_RxData                        0x4000012c   Data           4  powermeter.o(.data)
    Seq2_data6_RxData                        0x40000130   Data           4  powermeter.o(.data)
    Seq2_data7_RxData                        0x40000134   Data           4  powermeter.o(.data)
    Data1_RxData                             0x40000138   Data           4  powermeter.o(.data)
    Data2_RxData                             0x4000013c   Data           4  powermeter.o(.data)
    Data3_RxData                             0x40000140   Data           4  powermeter.o(.data)
    Data4_RxData                             0x40000144   Data           4  powermeter.o(.data)
    Processvalue2_RxData                     0x40000148   Data           4  powermeter.o(.data)
    temperature_4_cntr                       0x4000014c   Data           4  powermeter.o(.data)
    temperature_5_cntr                       0x40000150   Data           4  powermeter.o(.data)
    reead                                    0x40000156   Data           1  iic_module.o(.data)
    ProcessId_Value                          0x40000158   Data           4  application.o(.data)
    MAC_A_Prod_Input1                        0x4000015c   Data           4  application.o(.data)
    MAC_A_Prod_Input2                        0x40000160   Data           4  application.o(.data)
    MAC_A_Prod_Input3                        0x40000164   Data           4  application.o(.data)
    MAC_A_Prod_Input4                        0x40000168   Data           4  application.o(.data)
    MAC_A_Prod_Input1_DeBounce               0x4000016c   Data           1  application.o(.data)
    MAC_A_Prod_Input2_DeBounce               0x4000016d   Data           1  application.o(.data)
    MAC_A_Prod_Input3_DeBounce               0x4000016e   Data           1  application.o(.data)
    MAC_A_Prod_Input4_DeBounce               0x4000016f   Data           1  application.o(.data)
    MAC_A_Prod_Input1_RisingEdge             0x40000170   Data           1  application.o(.data)
    MAC_A_Prod_Input2_RisingEdge             0x40000171   Data           1  application.o(.data)
    MAC_A_Prod_Input3_RisingEdge             0x40000172   Data           1  application.o(.data)
    MAC_A_Prod_Input4_RisingEdge             0x40000173   Data           1  application.o(.data)
    MAC_A_Prod_Input1_CountBase              0x40000174   Data           4  application.o(.data)
    MAC_A_Prod_Input2_CountBase              0x40000178   Data           4  application.o(.data)
    MAC_A_Prod_Input3_CountBase              0x4000017c   Data           4  application.o(.data)
    MAC_A_Prod_Input4_CountBase              0x40000180   Data           4  application.o(.data)
    MAC_A_Prod_Input1_StartTimer             0x40000184   Data           1  application.o(.data)
    Chanceofrejection                        0x40000185   Data           1  application.o(.data)
    MAC_A_Prod_Input1_ProdComplete           0x40000186   Data           1  application.o(.data)
    DisplayProcessstatus                     0x40000187   Data           1  application.o(.data)
    SEQMONITOR                               0x40000188   Data           1  application.o(.data)
    EndProcess_state                         0x40000189   Data           1  application.o(.data)
    statustoserver                           0x4000018a   Data           1  application.o(.data)
    StartProcessControlTimer                 0x4000018b   Data           1  application.o(.data)
    ProcessComplete                          0x4000018c   Data           1  application.o(.data)
    StopTimerCount                           0x4000018d   Data           1  application.o(.data)
    Processcontrolcount                      0x40000190   Data           4  application.o(.data)
    Processcontrolcount2                     0x40000194   Data           4  application.o(.data)
    Status_Http                              0x40000198   Data           4  application.o(.data)
    Temperature_High_Http                    0x4000019c   Data           4  application.o(.data)
    Seq1temperature                          0x400001a0   Data           4  application.o(.data)
    Temperature_Low_Http                     0x400001a4   Data           4  application.o(.data)
    Seq2temperature                          0x400001a8   Data           4  application.o(.data)
    H_Timer01HrValue                         0x400001ac   Data           4  application.o(.data)
    Sequence1_hour_http                      0x400001b0   Data           4  application.o(.data)
    Sequence1_minute_http                    0x400001b4   Data           4  application.o(.data)
    H_Timer01MinValue                        0x400001b8   Data           4  application.o(.data)
    H_Timer02HrValue                         0x400001bc   Data           4  application.o(.data)
    Sequence2_hour_http                      0x400001c0   Data           4  application.o(.data)
    H_Timer02MinValue                        0x400001c4   Data           4  application.o(.data)
    Sequence2_minute_http                    0x400001c8   Data           4  application.o(.data)
    TemperatureReference                     0x400001cc   Data           4  application.o(.data)
    stabilizecount                           0x400001d0   Data           4  application.o(.data)
    ProcessTotalMin1                         0x400001d4   Data           4  application.o(.data)
    ProcessTotalMin2                         0x400001d8   Data           4  application.o(.data)
    EndProcess_Sim_Input1                    0x400001dc   Data           4  application.o(.data)
    Temperature_1_Reached                    0x400001e0   Data           1  application.o(.data)
    Temperature_2_Reached                    0x400001e1   Data           1  application.o(.data)
    Temperature_3_Reached                    0x400001e2   Data           1  application.o(.data)
    Temperature_4_Reached                    0x400001e3   Data           1  application.o(.data)
    Furncace1_sts                            0x400001e4   Data           1  application.o(.data)
    Furncace2_sts                            0x400001e5   Data           1  application.o(.data)
    LineEvent                                0x400001e8   Data          16  app_layer_2.o(.data)
    Mac73290_In_Data                         0x400001f8   Data           1  app_layer_2.o(.data)
    Keypressvalue                            0x400001f9   Data           1  app_layer_2.o(.data)
    MenuDebounce                             0x400001fa   Data           1  app_layer_2.o(.data)
    OnOffDebounce                            0x400001fb   Data           1  app_layer_2.o(.data)
    LeftarrowDebounce                        0x400001fc   Data           1  app_layer_2.o(.data)
    UpArrowDebounce                          0x400001fd   Data           1  app_layer_2.o(.data)
    EndKeyDebounce                           0x400001fe   Data           1  app_layer_2.o(.data)
    EditAccess                               0x400001ff   Data           1  app_layer_2.o(.data)
    LinePointer                              0x40000200   Data           1  app_layer_2.o(.data)
    CursorPosition                           0x40000201   Data           1  app_layer_2.o(.data)
    DigitPosition                            0x40000202   Data           1  app_layer_2.o(.data)
    IncreamentData                           0x40000203   Data           1  app_layer_2.o(.data)
    EditBatchFlag                            0x40000204   Data           1  app_layer_2.o(.data)
    EditBatchReset                           0x40000205   Data           1  app_layer_2.o(.data)
    EditLine3Flag                            0x40000206   Data           1  app_layer_2.o(.data)
    StartEdit                                0x40000207   Data           1  app_layer_2.o(.data)
    ClearBatchFlag                           0x40000208   Data           1  app_layer_2.o(.data)
    SetVariable                              0x4000020c   Data           4  app_layer_2.o(.data)
    OledLineNum                              0x40000210   Data           1  oled_i2c.o(.data)
    OledCursorPos                            0x40000211   Data           1  oled_i2c.o(.data)
    Oled_Disflag                             0x40000212   Data           1  oled_displayroutine.o(.data)
    ESP8266TXData                            0x40000214   Data         250  esp8266.o(.bss)
    Uart_rx_buffer                           0x4000030e   Data          70  esp8266.o(.bss)
    TXPFLocalBuffer                          0x40000354   Data          20  powermeter.o(.bss)
    ReceivingData                            0x40000368   Data          40  powermeter.o(.bss)
    MAC_Gen_Prod_Input_Production            0x40000390   Data          20  application.o(.bss)
    __libspace_start                         0x400003a4   Data          96  libspace.o(.bss)
    __temporary_stack_top$libspace           0x40000404   Data           0  libspace.o(.bss)



==============================================================================

Memory Map of the image

  Image Entry point : 0x00000110

  Load Region LR_IROM1 (Base: 0x00000000, Size: 0x00007afc, Max: 0x00080000, ABSOLUTE, COMPRESSED[0x00007900])

    Execution Region ER_IROM1 (Base: 0x00000000, Size: 0x000078e8, Max: 0x00080000, ABSOLUTE)

    Base Addr    Size         Type   Attr      Idx    E Section Name        Object

    0x00000000   0x00000110   Code   RO            3    RESET               startup.o
    0x00000110   0x00000008   Code   RO          798  * !!!main             __main.o(c_t.l)
    0x00000118   0x0000003c   Code   RO          969    !!!scatter          __scatter.o(c_t.l)
    0x00000154   0x00000044   Code   RO          967    !!dczerorl          __dczerorl.o(c_t.l)
    0x00000198   0x0000002c   Code   RO          971    !!handler_zi        __scatter_zi.o(c_t.l)
    0x000001c4   0x00000008   Ven    RO          840    .ARM.Collect$$libinit$$00000000  libinit.o(c_t.l)
    0x000001cc   0x00000006   Code   RO          840    .ARM.Collect$$libinit$$00000000  libinit.o(c_t.l)
    0x000001d2   0x00000000   Code   RO          854    .ARM.Collect$$libinit$$00000006  libinit2.o(c_t.l)
    0x000001d2   0x00000000   Code   RO          856    .ARM.Collect$$libinit$$00000008  libinit2.o(c_t.l)
    0x000001d2   0x00000000   Code   RO          858    .ARM.Collect$$libinit$$0000000A  libinit2.o(c_t.l)
    0x000001d2   0x00000000   Code   RO          861    .ARM.Collect$$libinit$$0000000D  libinit2.o(c_t.l)
    0x000001d2   0x00000000   Code   RO          863    .ARM.Collect$$libinit$$0000000F  libinit2.o(c_t.l)
    0x000001d2   0x00000000   Code   RO          865    .ARM.Collect$$libinit$$00000011  libinit2.o(c_t.l)
    0x000001d2   0x00000000   Code   RO          867    .ARM.Collect$$libinit$$00000013  libinit2.o(c_t.l)
    0x000001d2   0x00000000   Code   RO          869    .ARM.Collect$$libinit$$00000015  libinit2.o(c_t.l)
    0x000001d2   0x00000000   Code   RO          871    .ARM.Collect$$libinit$$00000017  libinit2.o(c_t.l)
    0x000001d2   0x00000000   Code   RO          873    .ARM.Collect$$libinit$$00000019  libinit2.o(c_t.l)
    0x000001d2   0x00000000   Code   RO          875    .ARM.Collect$$libinit$$0000001B  libinit2.o(c_t.l)
    0x000001d2   0x00000000   Code   RO          877    .ARM.Collect$$libinit$$0000001D  libinit2.o(c_t.l)
    0x000001d2   0x00000000   Code   RO          879    .ARM.Collect$$libinit$$0000001F  libinit2.o(c_t.l)
    0x000001d2   0x00000000   Code   RO          881    .ARM.Collect$$libinit$$00000021  libinit2.o(c_t.l)
    0x000001d2   0x00000000   Code   RO          885    .ARM.Collect$$libinit$$00000028  libinit2.o(c_t.l)
    0x000001d2   0x00000000   Code   RO          887    .ARM.Collect$$libinit$$0000002A  libinit2.o(c_t.l)
    0x000001d2   0x00000000   Code   RO          889    .ARM.Collect$$libinit$$0000002C  libinit2.o(c_t.l)
    0x000001d2   0x00000000   Code   RO          891    .ARM.Collect$$libinit$$0000002E  libinit2.o(c_t.l)
    0x000001d2   0x0000000c   Code   RO          892    .ARM.Collect$$libinit$$0000002F  libinit2.o(c_t.l)
    0x000001de   0x00000002   PAD
    0x000001e0   0x00000008   Ven    RO          925    .ARM.Collect$$libshutdown$$00000000  libshutdown.o(c_t.l)
    0x000001e8   0x00000004   Code   RO          925    .ARM.Collect$$libshutdown$$00000000  libshutdown.o(c_t.l)
    0x000001ec   0x00000000   Code   RO          952    .ARM.Collect$$libshutdown$$00000003  libshutdown2.o(c_t.l)
    0x000001ec   0x00000000   Code   RO          955    .ARM.Collect$$libshutdown$$00000006  libshutdown2.o(c_t.l)
    0x000001ec   0x00000000   Code   RO          958    .ARM.Collect$$libshutdown$$00000009  libshutdown2.o(c_t.l)
    0x000001ec   0x00000000   Code   RO          960    .ARM.Collect$$libshutdown$$0000000B  libshutdown2.o(c_t.l)
    0x000001ec   0x00000000   Code   RO          963    .ARM.Collect$$libshutdown$$0000000E  libshutdown2.o(c_t.l)
    0x000001ec   0x00000006   Code   RO          964    .ARM.Collect$$libshutdown$$0000000F  libshutdown2.o(c_t.l)
    0x000001f2   0x00000002   PAD
    0x000001f4   0x00000000   Code   RO          800    .ARM.Collect$$rtentry$$00000000  rtentry.o(c_t.l)
    0x000001f4   0x00000000   Code   RO          807    .ARM.Collect$$rtentry$$00000002  rtentry2.o(c_t.l)
    0x000001f4   0x00000008   Code   RO          822    .ARM.Collect$$rtentry$$00000004  rtentry4.o(c_t.l)
    0x000001fc   0x00000000   Code   RO          809    .ARM.Collect$$rtentry$$00000009  rtentry2.o(c_t.l)
    0x000001fc   0x00000004   Code   RO          810    .ARM.Collect$$rtentry$$0000000A  rtentry2.o(c_t.l)
    0x00000200   0x00000000   Code   RO          812    .ARM.Collect$$rtentry$$0000000C  rtentry2.o(c_t.l)
    0x00000200   0x00000028   Code   RO          813    .ARM.Collect$$rtentry$$0000000D  rtentry2.o(c_t.l)
    0x00000228   0x00000004   Ven    RO          844    .ARM.Collect$$rtexit$$00000000  rtexit.o(c_t.l)
    0x0000022c   0x00000000   Code   RO          844    .ARM.Collect$$rtexit$$00000000  rtexit.o(c_t.l)
    0x0000022c   0x00000000   Code   RO          898    .ARM.Collect$$rtexit$$00000002  rtexit2.o(c_t.l)
    0x0000022c   0x00000004   Code   RO          899    .ARM.Collect$$rtexit$$00000003  rtexit2.o(c_t.l)
    0x00000230   0x00000004   Code   RO          900    .ARM.Collect$$rtexit$$00000004  rtexit2.o(c_t.l)
    0x00000234   0x00000020   Code   RO            4    .text               startup.o
    0x00000254   0x00000180   Code   RO          780    .text               aeabi_sdiv.o(c_t.l)
    0x000003d4   0x00000006   Code   RO          796    .text               heapauxi.o(c_t.l)
    0x000003da   0x00000002   PAD
    0x000003dc   0x00000060   Code   RO          826    .text               sys_stackheap_outer.o(c_t.l)
    0x0000043c   0x0000000c   Code   RO          828    .text               exit.o(c_t.l)
    0x00000448   0x0000000c   Code   RO          841    .text               libspace.o(c_t.l)
    0x00000454   0x00000018   Code   RO          895    .text               sys_exit.o(c_t.l)
    0x0000046c   0x00000004   Code   RO          915    .text               use_no_semi.o(c_t.l)
    0x00000470   0x0000001c   Code   RO          781    .text_udiv          aeabi_sdiv.o(c_t.l)
    0x0000048c   0x0000005c   Code   RO          253    i.ASCChecksum       powermeter.o
    0x000004e8   0x00000024   Code   RO          604    i.App_Init_PowerON  app_layer_2.o
    0x0000050c   0x00000030   Code   RO          292    i.BlinkCursorRoutine  lcd_driver_4line.o
    0x0000053c   0x00000218   Code   RO           11    i.ColdJnDegFunction  main.o
    0x00000754   0x00000018   Code   RO          294    i.CursorBlinkOff    lcd_driver_4line.o
    0x0000076c   0x00000010   Code   RO          605    i.CursorBlinkRoutine  app_layer_2.o
    0x0000077c   0x00000138   Code   RO           83    i.DecToASCIIFun     esp8266.o
    0x000008b4   0x00000018   Code   RO          395    i.EEPROMI2CDelay    iic_module.o
    0x000008cc   0x000018a0   Code   RO           84    i.ESPRxDecoder      esp8266.o
    0x0000216c   0x00000034   Code   RO           12    i.Eeprom_Intern_Delay  main.o
    0x000021a0   0x00000024   Code   RO          156    i.Exint0ISR         vector.o
    0x000021c4   0x00000094   Code   RO          396    i.I2C_Read          iic_module.o
    0x00002258   0x00000080   Code   RO          397    i.I2C_Write         iic_module.o
    0x000022d8   0x000000e4   Code   RO          398    i.I2Cread_byte      iic_module.o
    0x000023bc   0x0000018c   Code   RO           71    i.IO_Init           i_0_bsp.o
    0x00002548   0x000001e8   Code   RO          606    i.IncreamentDigit   app_layer_2.o
    0x00002730   0x000000ac   Code   RO          208    i.Init_PLL          clock.o
    0x000027dc   0x00000044   Code   RO          133    i.Init_TIMER0       timer_config_int.o
    0x00002820   0x00000048   Code   RO          134    i.Init_TIMER1       timer_config_int.o
    0x00002868   0x000000a8   Code   RO          220    i.Init_UART0        uart_base.o
    0x00002910   0x000000a8   Code   RO          221    i.Init_UART1        uart_base.o
    0x000029b8   0x000000e0   Code   RO          157    i.Init_VIC          vector.o
    0x00002a98   0x00000170   Code   RO          607    i.KeyscanRoutine    app_layer_2.o
    0x00002c08   0x000005a4   Code   RO          608    i.KeyscanRoutine_Change  app_layer_2.o
    0x000031ac   0x00000024   Code   RO          222    i.LPC_ASC0_vSendData  uart_base.o
    0x000031d0   0x00000024   Code   RO          223    i.LPC_ASC_vSendData  uart_base.o
    0x000031f4   0x000000fc   Code   RO          567    i.MachineLogic      application.o
    0x000032f0   0x00000050   Code   RO          402    i.Max73290_IIC_Read  iic_module.o
    0x00003340   0x00000070   Code   RO          403    i.Max73290_IIC_Write  iic_module.o
    0x000033b0   0x00000018   Code   RO          650    i.OLEDI2CDelay      oled_i2c.o
    0x000033c8   0x000000cc   Code   RO          651    i.OLED_Clear        oled_i2c.o
    0x00003494   0x000000c0   Code   RO          652    i.OLED_DisplayChar  oled_i2c.o
    0x00003554   0x00000150   Code   RO          653    i.OLED_DisplayNumber  oled_i2c.o
    0x000036a4   0x00000028   Code   RO          654    i.OLED_DisplayString  oled_i2c.o
    0x000036cc   0x00000044   Code   RO          655    i.OLED_GoToNextLine  oled_i2c.o
    0x00003710   0x000000d8   Code   RO          657    i.OLED_Init         oled_i2c.o
    0x000037e8   0x0000008c   Code   RO          659    i.OLED_SetCursor    oled_i2c.o
    0x00003874   0x00000014   Code   RO          298    i.OffCursor         lcd_driver_4line.o
    0x00003888   0x00000010   Code   RO          756    i.Oled_DisplayInit  oled_displayroutine.o
    0x00003898   0x00000154   Code   RO          757    i.Oled_Displayroutine  oled_displayroutine.o
    0x000039ec   0x00000054   Code   RO          609    i.PositionOfCursor  app_layer_2.o
    0x00003a40   0x00000058   Code   RO          158    i.RTC_ISR           vector.o
    0x00003a98   0x000005d8   Code   RO          254    i.RXDECODERS484DATA  powermeter.o
    0x00004070   0x000002d4   Code   RO          568    i.Read_PowerOn      application.o
    0x00004344   0x0000021c   Code   RO          255    i.Recive485_service  powermeter.o
    0x00004560   0x000000d0   Code   RO          406    i.Send_Byte         iic_module.o
    0x00004630   0x00001e4c   Code   RO           85    i.Send_WifiCmd      esp8266.o
    0x0000647c   0x000002bc   Code   RO          569    i.SpecialHandler    application.o
    0x00006738   0x000002d4   Code   RO          159    i.Timer0ISR         vector.o
    0x00006a0c   0x000000f8   Code   RO          160    i.Timer1ISR         vector.o
    0x00006b04   0x0000026c   Code   RO          256    i.TransmitRequestPF  powermeter.o
    0x00006d70   0x00000060   Code   RO          161    i.UART0ISR          vector.o
    0x00006dd0   0x00000054   Code   RO          162    i.UART1ISR          vector.o
    0x00006e24   0x00000014   Code   RO          299    i.delay             lcd_driver_4line.o
    0x00006e38   0x0000002c   Code   RO           14    i.delay_ms          main.o
    0x00006e64   0x00000034   Code   RO          300    i.enable_lcd        lcd_driver_4line.o
    0x00006e98   0x00000054   Code   RO          407    i.get_ack           iic_module.o
    0x00006eec   0x0000001c   Code   RO          301    i.goto_cursor       lcd_driver_4line.o
    0x00006f08   0x0000001c   Code   RO          303    i.lcd_out_data4     lcd_driver_4line.o
    0x00006f24   0x00000034   Code   RO          306    i.lcd_write_byte    lcd_driver_4line.o
    0x00006f58   0x00000028   Code   RO          307    i.lcd_write_control  lcd_driver_4line.o
    0x00006f80   0x00000070   Code   RO           15    i.main              main.o
    0x00006ff0   0x000000d0   Code   RO          660    i.oledSendByte      oled_i2c.o
    0x000070c0   0x00000040   Code   RO          661    i.oledSendCommand   oled_i2c.o
    0x00007100   0x00000074   Code   RO          662    i.oledSendStart     oled_i2c.o
    0x00007174   0x00000064   Code   RO          663    i.oledSendStop      oled_i2c.o
    0x000071d8   0x00000050   Code   RO          664    i.oledWaitForAck    oled_i2c.o
    0x00007228   0x00000050   Code   RO          408    i.send_nack         iic_module.o
    0x00007278   0x00000140   Code   RO          570    i.simulation        application.o
    0x000073b8   0x00000070   Code   RO          409    i.start             iic_module.o
    0x00007428   0x00000064   Code   RO          410    i.stop              iic_module.o
    0x0000748c   0x00000058   Code   RO           17    i.watchdog_timer    main.o
    0x000074e4   0x00000004   Ven    RO          893    x$fpl$fpinit        fpinit.o(fz_ts.l)
    0x000074e8   0x00000004   Code   RO          893    x$fpl$fpinit        fpinit.o(fz_ts.l)
    0x000074ec   0x00000200   Data   RO          258    .constdata          powermeter.o
    0x000076ec   0x000001db   Data   RO          665    .constdata          oled_i2c.o
    0x000078c7   0x00000001   PAD
    0x000078c8   0x00000020   Data   RO          965    Region$$Table       anon$$obj.o


    Execution Region RW_IRAM1 (Base: 0x40000000, Size: 0x00000890, Max: 0x00008000, ABSOLUTE, COMPRESSED[0x00000018])

    Base Addr    Size         Type   Attr      Idx    E Section Name        Object

    0x40000000   0x00000030   Data   RW           18    .data               main.o
    0x40000030   0x0000004c   Data   RW           87    .data               esp8266.o
    0x4000007c   0x00000001   Data   RW          115    .data               lcd_routine.o
    0x4000007d   0x00000003   PAD
    0x40000080   0x00000022   Data   RW          163    .data               vector.o
    0x400000a2   0x00000003   Data   RW          224    .data               uart_base.o
    0x400000a5   0x00000003   PAD
    0x400000a8   0x000000ac   Data   RW          259    .data               powermeter.o
    0x40000154   0x00000003   Data   RW          411    .data               iic_module.o
    0x40000157   0x00000001   PAD
    0x40000158   0x0000008e   Data   RW          572    .data               application.o
    0x400001e6   0x00000002   PAD
    0x400001e8   0x00000028   Data   RW          610    .data               app_layer_2.o
    0x40000210   0x00000002   Data   RW          666    .data               oled_i2c.o
    0x40000212   0x00000001   Data   RW          758    .data               oled_displayroutine.o
    0x40000213   0x00000001   PAD
    0x40000214   0x00000140   Zero   RW           86    .bss                esp8266.o
    0x40000354   0x0000003c   Zero   RW          257    .bss                powermeter.o
    0x40000390   0x00000014   Zero   RW          571    .bss                application.o
    0x400003a4   0x00000060   Zero   RW          842    .bss                libspace.o(c_t.l)
    0x40000404   0x00000004   PAD
    0x40000408   0x00000000   Zero   RW            2    HEAP                startup.o
    0x40000408   0x00000488   Zero   RW            1    STACK               startup.o


==============================================================================

Image component sizes


      Code (inc. data)   RO Data    RW Data    ZI Data      Debug   Object Name

      2436        140          0         40          0       5641   app_layer_2.o
      1996        204          0        142         20       6575   application.o
       172          4          0          0          0        499   clock.o
     14372        164          0         76        320       9779   esp8266.o
       396          4          0          0          0        526   i_0_bsp.o
      1304         32          0          3          0       6865   iic_module.o
       312         12          0          0          0       4814   lcd_driver_4line.o
         0          0          0          1          0        287   lcd_routine.o
       832         72          0         48          0       6519   main.o
       356         88          0          1          0       1408   oled_displayroutine.o
      1788         36        475          2          0      10573   oled_i2c.o
      2748        212        512        172         60       6508   powermeter.o
       304         60          0          0       1160        608   startup.o
       140         12          0          0          0        964   timer_config_int.o
       408         32          0          3          0       2636   uart_base.o
      1500        192          0         34          0       5178   vector.o

    ----------------------------------------------------------------------
     29064       1264       1020        532       1560      69380   Object Totals
         0          0         32          0          0          0   (incl. Generated)
         0          0          1         10          0          0   (incl. Padding)

    ----------------------------------------------------------------------

      Code (inc. data)   RO Data    RW Data    ZI Data      Debug   Library Member Name

        68          2          0          0          0          0   __dczerorl.o
         8          0          0          0          0         68   __main.o
        60          8          0          0          0          0   __scatter.o
        44          0          0          0          0          0   __scatter_zi.o
       412          0          0          0          0        148   aeabi_sdiv.o
        12          0          0          0          0         60   exit.o
         8          0          0          0          0         68   fpinit.o
         6          0          0          0          0        132   heapauxi.o
        14          0          0          0          0          0   libinit.o
        12          0          0          0          0          0   libinit2.o
        12          0          0          0          0          0   libshutdown.o
         6          0          0          0          0          0   libshutdown2.o
        12          4          0          0         96         68   libspace.o
         0          0          0          0          0          0   rtentry.o
        44          4          0          0          0          0   rtentry2.o
         8          0          0          0          0          0   rtentry4.o
         4          0          0          0          0          0   rtexit.o
         8          0          0          0          0          0   rtexit2.o
        24          8          0          0          0         68   sys_exit.o
        96          0          0          0          0         80   sys_stackheap_outer.o
         4          0          0          0          0         68   use_no_semi.o

    ----------------------------------------------------------------------
       868         26          0          0        100        760   Library Totals
         6          0          0          0          4          0   (incl. Padding)

    ----------------------------------------------------------------------

      Code (inc. data)   RO Data    RW Data    ZI Data      Debug   Library Name

       854         26          0          0         96        692   c_t.l
         8          0          0          0          0         68   fz_ts.l

    ----------------------------------------------------------------------
       868         26          0          0        100        760   Library Totals

    ----------------------------------------------------------------------

==============================================================================


      Code (inc. data)   RO Data    RW Data    ZI Data      Debug   

     29932       1290       1020        532       1660      66348   Grand Totals
     29932       1290       1020         24       1660      66348   ELF Image Totals (compressed)
     29932       1290       1020         24          0          0   ROM Totals

==============================================================================

    Total RO  Size (Code + RO Data)                30952 (  30.23kB)
    Total RW  Size (RW Data + ZI Data)              2192 (   2.14kB)
    Total ROM Size (Code + RO Data + RW Data)      30976 (  30.25kB)

==============================================================================

